../User/SM2/storagemanager.c:82:25:StorageManager_Init	8	static
../User/SM2/storagemanager.c:106:32:Check_InternalFlash	16	static
../User/SM2/storagemanager.c:140:32:Check_SRAM2	16	static
../User/SM2/storagemanager.c:173:25:StorageManager_GetPartitionFreeSpace	24	static
../User/SM2/storagemanager.c:215:32:GetPartitionFreeSpace_InternalFlash	16	static
../User/SM2/storagemanager.c:236:32:GetPartitionFreeSpace_SRAM2	16	static
../User/SM2/storagemanager.c:251:25:StorageManager_GetPartitionBytes	24	static
../User/SM2/storagemanager.c:268:25:StorageManager_CalculatePartitionBytes	24	static
../User/SM2/storagemanager.c:287:32:CalculatePartitionBytes_InternalFlash	32	static
../User/SM2/storagemanager.c:345:32:CalculatePartitionBytes_SRAM2	16	static
../User/SM2/storagemanager.c:361:25:StorageManager_Load	40	static
../User/SM2/storagemanager.c:425:32:Load_InternalFlash	48	static
../User/SM2/storagemanager.c:518:32:Load_SRAM2	32	static
../User/SM2/storagemanager.c:544:25:StorageManager_Store	40	static
../User/SM2/storagemanager.c:621:32:Store_InternalFlash	32	static
../User/SM2/storagemanager.c:672:32:Store_SRAM2	32	static
../User/SM2/storagemanager.c:706:25:StorageManager_FreeSpace	24	static
../User/SM2/storagemanager.c:751:32:FreeSpace_InternalFlash	24	static
../User/SM2/storagemanager.c:798:32:FreeSpace_SRAM2	24	static
../User/SM2/storagemanager.c:816:32:GetPartitionById	16	static
../User/SM2/storagemanager.c:831:32:GetPartitionById_InternalFlash	24	static
../User/SM2/storagemanager.c:842:32:GetPartitionById_SRAM2	24	static
../User/SM2/storagemanager.c:854:32:Delete_InternalFlash	24	static
../User/SM2/storagemanager.c:1068:24:_align_addr	16	static
../User/SM2/storagemanager.c:1072:24:_wrap_around	32	static
