../User/Adxl355_API/adxl355_api.c:147:6:ADXL355_Init	32	static
../User/Adxl355_API/adxl355_api.c:221:6:ADXL355_RestoreEXTI_IRQ	16	static
../User/Adxl355_API/adxl355_api.c:234:6:ADXL355_ReadTiltData	40	static
../User/Adxl355_API/adxl355_api.c:296:9:ADXL355_ConfigScheduled	16	static
../User/Adxl355_API/adxl355_api.c:322:9:ADXL355_ReadScheduledData_Read	24	static
../User/Adxl355_API/adxl355_api.c:349:9:ADXL355_ReadScheduledData_Process	32	static
../User/Adxl355_API/adxl355_api.c:377:9:ADXL355_ReadScheduledData_Finish	16	static
../User/Adxl355_API/adxl355_api.c:397:9:ADXL355_ConfigActivity	4	static
../User/Adxl355_API/adxl355_api.c:415:9:ADXL355_ReadActivityData_Read	24	static
../User/Adxl355_API/adxl355_api.c:441:9:ADXL355_ReadActivityData_Process	32	static
../User/Adxl355_API/adxl355_api.c:471:18:ADXL355_GetCurrentConfig	4	static
../User/Adxl355_API/adxl355_api.c:475:17:ADXL355_GetState	4	static
../User/Adxl355_API/adxl355_api.c:479:16:ReadSampleSets	32	static
../User/Adxl355_API/adxl355_api.c:514:13:Adxl355RawDataFrame	32	static
../User/Adxl355_API/adxl355_api.c:532:13:Adxl355CompressedDataFrame	64	static
../User/Adxl355_API/adxl355_api.c:569:20:ErrorCatchFunction	24	static,ignoring_inline_asm
