../Drivers/CMSIS/Include/core_cm4.h:1770:22:__NVIC_ClearPendingIRQ	16	static
../Drivers/CMSIS/Include/core_cm4.h:1933:34:__NVIC_SystemReset	4	static,ignoring_inline_asm
../LoRaWAN/App/lora_app.c:372:6:LoRaWAN_Init	16	static
../LoRaWAN/App/lora_app.c:457:6:HAL_GPIO_EXTI_Callback	16	static
../LoRaWAN/App/lora_app.c:487:13:StartTxTimer	8	static
../LoRaWAN/App/lora_app.c:492:20:StopTxTimer	8	static
../LoRaWAN/App/lora_app.c:496:13:StartTimerADXL355Scheduled	8	static
../LoRaWAN/App/lora_app.c:505:13:StartTimerADXL355Tilt	8	static
../LoRaWAN/App/lora_app.c:514:13:StartTimerADXL355Activity	8	static
../LoRaWAN/App/lora_app.c:524:13:ScheduledAdxlReadEvent_Config	16	static
../LoRaWAN/App/lora_app.c:540:13:ScheduledAdxlReadEvent_Read	16	static
../LoRaWAN/App/lora_app.c:556:13:ScheduledAdxlReadEvent_Process	24	static
../LoRaWAN/App/lora_app.c:579:13:ScheduledAdxlReadEvent_Finish	16	static
../LoRaWAN/App/lora_app.c:594:13:ActivityAdxlReadEvent_Config	16	static
../LoRaWAN/App/lora_app.c:607:13:ActivityAdxlReadEvent_Read	16	static
../LoRaWAN/App/lora_app.c:623:13:ActivityAdxlReadEvent_Process	24	static
../LoRaWAN/App/lora_app.c:647:13:TiltAdxlReadEvent	24	static
../LoRaWAN/App/lora_app.c:663:13:ParseReceivedMsg	16	static
../LoRaWAN/App/lora_app.c:688:13:OnRxData	16	static
../LoRaWAN/App/lora_app.c:705:13:SendTxData	16	static
../LoRaWAN/App/lora_app.c:729:13:OnTxTimerEvent	16	static
../LoRaWAN/App/lora_app.c:744:13:OnScheduledAdxlReadTimerEvent_Config	16	static
../LoRaWAN/App/lora_app.c:757:13:OnScheduledAdxlReadTimerEvent_Read	16	static
../LoRaWAN/App/lora_app.c:770:13:OnScheduledAdxlReadTimerEvent_Process	16	static
../LoRaWAN/App/lora_app.c:783:13:OnScheduledAdxlReadTimerEvent_Finish	16	static
../LoRaWAN/App/lora_app.c:797:13:OnActivityAdxlReadTimerEvent_Read	16	static
../LoRaWAN/App/lora_app.c:811:13:OnTiltAdxlReadTimerEvent	16	static
../LoRaWAN/App/lora_app.c:826:13:OnTxData	16	static
../LoRaWAN/App/lora_app.c:833:13:OnJoinRequest	24	static
../LoRaWAN/App/lora_app.c:850:13:OnBeaconStatusChange	16	static
../LoRaWAN/App/lora_app.c:857:13:OnSysTimeUpdate	4	static
../LoRaWAN/App/lora_app.c:864:13:OnClassChange	16	static
../LoRaWAN/App/lora_app.c:871:13:OnMacProcessNotify	8	static
../LoRaWAN/App/lora_app.c:883:13:OnTxPeriodicityChanged	16	static
../LoRaWAN/App/lora_app.c:905:13:OnTxFrameCtrlChanged	16	static
../LoRaWAN/App/lora_app.c:916:13:OnPingSlotPeriodicityChanged	16	static
../LoRaWAN/App/lora_app.c:927:13:OnSystemReset	8	static
../LoRaWAN/App/lora_app.c:941:13:StopJoin	8	static
../LoRaWAN/App/lora_app.c:976:13:OnStopJoinTimerEvent	16	static
../LoRaWAN/App/lora_app.c:990:13:StoreContext	16	static
../LoRaWAN/App/lora_app.c:1012:13:OnNvmDataChange	16	static
../LoRaWAN/App/lora_app.c:1030:13:OnStoreContextRequest	16	static
../LoRaWAN/App/lora_app.c:1042:13:OnRestoreContextRequest	16	static
